Archive member included because of file (symbol)

/usr/local/CrossPack-AVR-20131216/lib/gcc/avr/4.8.1/avr35/libgcc.a(_mulqi3.o)
                              USART.o (__mulqi3)
/usr/local/CrossPack-AVR-20131216/lib/gcc/avr/4.8.1/avr35/libgcc.a(_udivmodqi4.o)
                              USART.o (__udivmodqi4)
/usr/local/CrossPack-AVR-20131216/lib/gcc/avr/4.8.1/avr35/libgcc.a(_udivmodhi4.o)
                              USART.o (__udivmodhi4)
/usr/local/CrossPack-AVR-20131216/lib/gcc/avr/4.8.1/avr35/libgcc.a(_exit.o)
                              /usr/local/CrossPack-AVR-20131216/lib/gcc/avr/4.8.1/../../../../avr/lib/avr35/crttn1634.o (exit)
/usr/local/CrossPack-AVR-20131216/lib/gcc/avr/4.8.1/avr35/libgcc.a(_copy_data.o)
                              USART.o (__do_copy_data)
/usr/local/CrossPack-AVR-20131216/lib/gcc/avr/4.8.1/avr35/libgcc.a(_clear_bss.o)
                              lcd.o (__do_clear_bss)
/usr/local/CrossPack-AVR-20131216/lib/gcc/avr/4.8.1/../../../../avr/lib/avr35/libm.a(addsf3.o)
                              main.o (__addsf3)
/usr/local/CrossPack-AVR-20131216/lib/gcc/avr/4.8.1/../../../../avr/lib/avr35/libm.a(addsf3x.o)
                              /usr/local/CrossPack-AVR-20131216/lib/gcc/avr/4.8.1/../../../../avr/lib/avr35/libm.a(addsf3.o) (__addsf3x)
/usr/local/CrossPack-AVR-20131216/lib/gcc/avr/4.8.1/../../../../avr/lib/avr35/libm.a(divsf3.o)
                              main.o (__divsf3)
/usr/local/CrossPack-AVR-20131216/lib/gcc/avr/4.8.1/../../../../avr/lib/avr35/libm.a(divsf3x.o)
                              /usr/local/CrossPack-AVR-20131216/lib/gcc/avr/4.8.1/../../../../avr/lib/avr35/libm.a(divsf3.o) (__divsf3x)
/usr/local/CrossPack-AVR-20131216/lib/gcc/avr/4.8.1/../../../../avr/lib/avr35/libm.a(fixsfsi.o)
                              main.o (__fixsfsi)
/usr/local/CrossPack-AVR-20131216/lib/gcc/avr/4.8.1/../../../../avr/lib/avr35/libm.a(fixunssfsi.o)
                              main.o (__fixunssfsi)
/usr/local/CrossPack-AVR-20131216/lib/gcc/avr/4.8.1/../../../../avr/lib/avr35/libm.a(floatsisf.o)
                              main.o (__floatunsisf)
/usr/local/CrossPack-AVR-20131216/lib/gcc/avr/4.8.1/../../../../avr/lib/avr35/libm.a(fp_inf.o)
                              /usr/local/CrossPack-AVR-20131216/lib/gcc/avr/4.8.1/../../../../avr/lib/avr35/libm.a(addsf3x.o) (__fp_inf)
/usr/local/CrossPack-AVR-20131216/lib/gcc/avr/4.8.1/../../../../avr/lib/avr35/libm.a(fp_nan.o)
                              /usr/local/CrossPack-AVR-20131216/lib/gcc/avr/4.8.1/../../../../avr/lib/avr35/libm.a(addsf3x.o) (__fp_nan)
/usr/local/CrossPack-AVR-20131216/lib/gcc/avr/4.8.1/../../../../avr/lib/avr35/libm.a(fp_pscA.o)
                              /usr/local/CrossPack-AVR-20131216/lib/gcc/avr/4.8.1/../../../../avr/lib/avr35/libm.a(addsf3x.o) (__fp_pscA)
/usr/local/CrossPack-AVR-20131216/lib/gcc/avr/4.8.1/../../../../avr/lib/avr35/libm.a(fp_pscB.o)
                              /usr/local/CrossPack-AVR-20131216/lib/gcc/avr/4.8.1/../../../../avr/lib/avr35/libm.a(addsf3x.o) (__fp_pscB)
/usr/local/CrossPack-AVR-20131216/lib/gcc/avr/4.8.1/../../../../avr/lib/avr35/libm.a(fp_round.o)
                              /usr/local/CrossPack-AVR-20131216/lib/gcc/avr/4.8.1/../../../../avr/lib/avr35/libm.a(addsf3.o) (__fp_round)
/usr/local/CrossPack-AVR-20131216/lib/gcc/avr/4.8.1/../../../../avr/lib/avr35/libm.a(fp_split3.o)
                              /usr/local/CrossPack-AVR-20131216/lib/gcc/avr/4.8.1/../../../../avr/lib/avr35/libm.a(addsf3x.o) (__fp_split3)
/usr/local/CrossPack-AVR-20131216/lib/gcc/avr/4.8.1/../../../../avr/lib/avr35/libm.a(fp_zero.o)
                              /usr/local/CrossPack-AVR-20131216/lib/gcc/avr/4.8.1/../../../../avr/lib/avr35/libm.a(addsf3x.o) (__fp_zero)
/usr/local/CrossPack-AVR-20131216/lib/gcc/avr/4.8.1/../../../../avr/lib/avr35/libm.a(mulsf3.o)
                              main.o (__mulsf3)
/usr/local/CrossPack-AVR-20131216/lib/gcc/avr/4.8.1/../../../../avr/lib/avr35/libm.a(mulsf3x.o)
                              /usr/local/CrossPack-AVR-20131216/lib/gcc/avr/4.8.1/../../../../avr/lib/avr35/libm.a(mulsf3.o) (__mulsf3x)
/usr/local/CrossPack-AVR-20131216/lib/gcc/avr/4.8.1/../../../../avr/lib/avr35/libc.a(fprintf.o)
                              main.o (fprintf)
/usr/local/CrossPack-AVR-20131216/lib/gcc/avr/4.8.1/../../../../avr/lib/avr35/libc.a(fputs.o)
                              USART.o (fputs)
/usr/local/CrossPack-AVR-20131216/lib/gcc/avr/4.8.1/../../../../avr/lib/avr35/libc.a(iob.o)
                              USART.o (__iob)
/usr/local/CrossPack-AVR-20131216/lib/gcc/avr/4.8.1/../../../../avr/lib/avr35/libc.a(vfprintf_std.o)
                              /usr/local/CrossPack-AVR-20131216/lib/gcc/avr/4.8.1/../../../../avr/lib/avr35/libc.a(fprintf.o) (vfprintf)
/usr/local/CrossPack-AVR-20131216/lib/gcc/avr/4.8.1/../../../../avr/lib/avr35/libc.a(strnlen_P.o)
                              /usr/local/CrossPack-AVR-20131216/lib/gcc/avr/4.8.1/../../../../avr/lib/avr35/libc.a(vfprintf_std.o) (strnlen_P)
/usr/local/CrossPack-AVR-20131216/lib/gcc/avr/4.8.1/../../../../avr/lib/avr35/libc.a(strnlen.o)
                              /usr/local/CrossPack-AVR-20131216/lib/gcc/avr/4.8.1/../../../../avr/lib/avr35/libc.a(vfprintf_std.o) (strnlen)
/usr/local/CrossPack-AVR-20131216/lib/gcc/avr/4.8.1/../../../../avr/lib/avr35/libc.a(fputc.o)
                              /usr/local/CrossPack-AVR-20131216/lib/gcc/avr/4.8.1/../../../../avr/lib/avr35/libc.a(vfprintf_std.o) (fputc)
/usr/local/CrossPack-AVR-20131216/lib/gcc/avr/4.8.1/../../../../avr/lib/avr35/libc.a(ultoa_invert.o)
                              /usr/local/CrossPack-AVR-20131216/lib/gcc/avr/4.8.1/../../../../avr/lib/avr35/libc.a(vfprintf_std.o) (__ultoa_invert)
/usr/local/CrossPack-AVR-20131216/lib/gcc/avr/4.8.1/avr35/libgcc.a(_prologue.o)
                              /usr/local/CrossPack-AVR-20131216/lib/gcc/avr/4.8.1/../../../../avr/lib/avr35/libc.a(fprintf.o) (__prologue_saves__)
/usr/local/CrossPack-AVR-20131216/lib/gcc/avr/4.8.1/avr35/libgcc.a(_epilogue.o)
                              /usr/local/CrossPack-AVR-20131216/lib/gcc/avr/4.8.1/../../../../avr/lib/avr35/libc.a(fprintf.o) (__epilogue_restores__)

Allocating common symbols
Common symbol       size              file

__iob               0x6               /usr/local/CrossPack-AVR-20131216/lib/gcc/avr/4.8.1/../../../../avr/lib/avr35/libc.a(iob.o)

Discarded input sections

 .bss           0x00000000        0x0 /usr/local/CrossPack-AVR-20131216/lib/gcc/avr/4.8.1/../../../../avr/lib/avr35/crttn1634.o
 .text          0x00000000        0x0 USART.o
 .bss           0x00000000        0x0 USART.o
 .text.receiveByte
                0x00000000        0xa USART.o
 .text.readString
                0x00000000       0x58 USART.o
 .text.printByte
                0x00000000       0x32 USART.o
 .text.printWord
                0x00000000       0x76 USART.o
 .text.printBinaryByte
                0x00000000       0x48 USART.o
 .text.nibbleToHexCharacter
                0x00000000        0xc USART.o
 .text.printHexByte
                0x00000000       0x1e USART.o
 .text.getNumber
                0x00000000       0x48 USART.o
 .text.debugString
                0x00000000       0x20 USART.o
 .text          0x00000000        0x0 hd44780.o
 .bss           0x00000000        0x0 hd44780.o
 .text.hd44780_powerdown
                0x00000000        0xe hd44780.o
 .text          0x00000000        0x0 lcd.o
 .bss           0x00000000        0x0 lcd.o
 .text.lcd_clear
                0x00000000       0x22 lcd.o
 .text          0x00000000        0x0 main.o
 .bss           0x00000000        0x0 main.o
 .text          0x00000000        0x0 /usr/local/CrossPack-AVR-20131216/lib/gcc/avr/4.8.1/avr35/libgcc.a(_mulqi3.o)
 .bss           0x00000000        0x0 /usr/local/CrossPack-AVR-20131216/lib/gcc/avr/4.8.1/avr35/libgcc.a(_mulqi3.o)
 .text.libgcc.div
                0x00000000        0x0 /usr/local/CrossPack-AVR-20131216/lib/gcc/avr/4.8.1/avr35/libgcc.a(_mulqi3.o)
 .text.libgcc   0x00000000        0x0 /usr/local/CrossPack-AVR-20131216/lib/gcc/avr/4.8.1/avr35/libgcc.a(_mulqi3.o)
 .text.libgcc.prologue
                0x00000000        0x0 /usr/local/CrossPack-AVR-20131216/lib/gcc/avr/4.8.1/avr35/libgcc.a(_mulqi3.o)
 .text.libgcc.builtins
                0x00000000        0x0 /usr/local/CrossPack-AVR-20131216/lib/gcc/avr/4.8.1/avr35/libgcc.a(_mulqi3.o)
 .text.libgcc.fmul
                0x00000000        0x0 /usr/local/CrossPack-AVR-20131216/lib/gcc/avr/4.8.1/avr35/libgcc.a(_mulqi3.o)
 .text.libgcc.fixed
                0x00000000        0x0 /usr/local/CrossPack-AVR-20131216/lib/gcc/avr/4.8.1/avr35/libgcc.a(_mulqi3.o)
 .text          0x00000000        0x0 /usr/local/CrossPack-AVR-20131216/lib/gcc/avr/4.8.1/avr35/libgcc.a(_udivmodqi4.o)
 .bss           0x00000000        0x0 /usr/local/CrossPack-AVR-20131216/lib/gcc/avr/4.8.1/avr35/libgcc.a(_udivmodqi4.o)
 .text.libgcc.mul
                0x00000000        0x0 /usr/local/CrossPack-AVR-20131216/lib/gcc/avr/4.8.1/avr35/libgcc.a(_udivmodqi4.o)
 .text.libgcc   0x00000000        0x0 /usr/local/CrossPack-AVR-20131216/lib/gcc/avr/4.8.1/avr35/libgcc.a(_udivmodqi4.o)
 .text.libgcc.prologue
                0x00000000        0x0 /usr/local/CrossPack-AVR-20131216/lib/gcc/avr/4.8.1/avr35/libgcc.a(_udivmodqi4.o)
 .text.libgcc.builtins
                0x00000000        0x0 /usr/local/CrossPack-AVR-20131216/lib/gcc/avr/4.8.1/avr35/libgcc.a(_udivmodqi4.o)
 .text.libgcc.fmul
                0x00000000        0x0 /usr/local/CrossPack-AVR-20131216/lib/gcc/avr/4.8.1/avr35/libgcc.a(_udivmodqi4.o)
 .text.libgcc.fixed
                0x00000000        0x0 /usr/local/CrossPack-AVR-20131216/lib/gcc/avr/4.8.1/avr35/libgcc.a(_udivmodqi4.o)
 .text          0x00000000        0x0 /usr/local/CrossPack-AVR-20131216/lib/gcc/avr/4.8.1/avr35/libgcc.a(_udivmodhi4.o)
 .bss           0x00000000        0x0 /usr/local/CrossPack-AVR-20131216/lib/gcc/avr/4.8.1/avr35/libgcc.a(_udivmodhi4.o)
 .text.libgcc.mul
                0x00000000        0x0 /usr/local/CrossPack-AVR-20131216/lib/gcc/avr/4.8.1/avr35/libgcc.a(_udivmodhi4.o)
 .text.libgcc.div
                0x00000000       0x28 /usr/local/CrossPack-AVR-20131216/lib/gcc/avr/4.8.1/avr35/libgcc.a(_udivmodhi4.o)
 .text.libgcc   0x00000000        0x0 /usr/local/CrossPack-AVR-20131216/lib/gcc/avr/4.8.1/avr35/libgcc.a(_udivmodhi4.o)
 .text.libgcc.prologue
                0x00000000        0x0 /usr/local/CrossPack-AVR-20131216/lib/gcc/avr/4.8.1/avr35/libgcc.a(_udivmodhi4.o)
 .text.libgcc.builtins
                0x00000000        0x0 /usr/local/CrossPack-AVR-20131216/lib/gcc/avr/4.8.1/avr35/libgcc.a(_udivmodhi4.o)
 .text.libgcc.fmul
                0x00000000        0x0 /usr/local/CrossPack-AVR-20131216/lib/gcc/avr/4.8.1/avr35/libgcc.a(_udivmodhi4.o)
 .text.libgcc.fixed
                0x00000000        0x0 /usr/local/CrossPack-AVR-20131216/lib/gcc/avr/4.8.1/avr35/libgcc.a(_udivmodhi4.o)
 .text          0x00000000        0x0 /usr/local/CrossPack-AVR-20131216/lib/gcc/avr/4.8.1/avr35/libgcc.a(_exit.o)
 .bss           0x00000000        0x0 /usr/local/CrossPack-AVR-20131216/lib/gcc/avr/4.8.1/avr35/libgcc.a(_exit.o)
 .text.libgcc.mul
                0x00000000        0x0 /usr/local/CrossPack-AVR-20131216/lib/gcc/avr/4.8.1/avr35/libgcc.a(_exit.o)
 .text.libgcc.div
                0x00000000        0x0 /usr/local/CrossPack-AVR-20131216/lib/gcc/avr/4.8.1/avr35/libgcc.a(_exit.o)
 .text.libgcc   0x00000000        0x0 /usr/local/CrossPack-AVR-20131216/lib/gcc/avr/4.8.1/avr35/libgcc.a(_exit.o)
 .text.libgcc.prologue
                0x00000000        0x0 /usr/local/CrossPack-AVR-20131216/lib/gcc/avr/4.8.1/avr35/libgcc.a(_exit.o)
 .text.libgcc.builtins
                0x00000000        0x0 /usr/local/CrossPack-AVR-20131216/lib/gcc/avr/4.8.1/avr35/libgcc.a(_exit.o)
 .text.libgcc.fmul
                0x00000000        0x0 /usr/local/CrossPack-AVR-20131216/lib/gcc/avr/4.8.1/avr35/libgcc.a(_exit.o)
 .text.libgcc.fixed
                0x00000000        0x0 /usr/local/CrossPack-AVR-20131216/lib/gcc/avr/4.8.1/avr35/libgcc.a(_exit.o)
 .text          0x00000000        0x0 /usr/local/CrossPack-AVR-20131216/lib/gcc/avr/4.8.1/avr35/libgcc.a(_copy_data.o)
 .bss           0x00000000        0x0 /usr/local/CrossPack-AVR-20131216/lib/gcc/avr/4.8.1/avr35/libgcc.a(_copy_data.o)
 .text.libgcc.mul
                0x00000000        0x0 /usr/local/CrossPack-AVR-20131216/lib/gcc/avr/4.8.1/avr35/libgcc.a(_copy_data.o)
 .text.libgcc.div
                0x00000000        0x0 /usr/local/CrossPack-AVR-20131216/lib/gcc/avr/4.8.1/avr35/libgcc.a(_copy_data.o)
 .text.libgcc   0x00000000        0x0 /usr/local/CrossPack-AVR-20131216/lib/gcc/avr/4.8.1/avr35/libgcc.a(_copy_data.o)
 .text.libgcc.prologue
                0x00000000        0x0 /usr/local/CrossPack-AVR-20131216/lib/gcc/avr/4.8.1/avr35/libgcc.a(_copy_data.o)
 .text.libgcc.builtins
                0x00000000        0x0 /usr/local/CrossPack-AVR-20131216/lib/gcc/avr/4.8.1/avr35/libgcc.a(_copy_data.o)
 .text.libgcc.fmul
                0x00000000        0x0 /usr/local/CrossPack-AVR-20131216/lib/gcc/avr/4.8.1/avr35/libgcc.a(_copy_data.o)
 .text.libgcc.fixed
                0x00000000        0x0 /usr/local/CrossPack-AVR-20131216/lib/gcc/avr/4.8.1/avr35/libgcc.a(_copy_data.o)
 .text          0x00000000        0x0 /usr/local/CrossPack-AVR-20131216/lib/gcc/avr/4.8.1/avr35/libgcc.a(_clear_bss.o)
 .bss           0x00000000        0x0 /usr/local/CrossPack-AVR-20131216/lib/gcc/avr/4.8.1/avr35/libgcc.a(_clear_bss.o)
 .text.libgcc.mul
                0x00000000        0x0 /usr/local/CrossPack-AVR-20131216/lib/gcc/avr/4.8.1/avr35/libgcc.a(_clear_bss.o)
 .text.libgcc.div
                0x00000000        0x0 /usr/local/CrossPack-AVR-20131216/lib/gcc/avr/4.8.1/avr35/libgcc.a(_clear_bss.o)
 .text.libgcc   0x00000000        0x0 /usr/local/CrossPack-AVR-20131216/lib/gcc/avr/4.8.1/avr35/libgcc.a(_clear_bss.o)
 .text.libgcc.prologue
                0x00000000        0x0 /usr/local/CrossPack-AVR-20131216/lib/gcc/avr/4.8.1/avr35/libgcc.a(_clear_bss.o)
 .text.libgcc.builtins
                0x00000000        0x0 /usr/local/CrossPack-AVR-20131216/lib/gcc/avr/4.8.1/avr35/libgcc.a(_clear_bss.o)
 .text.libgcc.fmul
                0x00000000        0x0 /usr/local/CrossPack-AVR-20131216/lib/gcc/avr/4.8.1/avr35/libgcc.a(_clear_bss.o)
 .text.libgcc.fixed
                0x00000000        0x0 /usr/local/CrossPack-AVR-20131216/lib/gcc/avr/4.8.1/avr35/libgcc.a(_clear_bss.o)
 .text          0x00000000        0x0 /usr/local/CrossPack-AVR-20131216/lib/gcc/avr/4.8.1/../../../../avr/lib/avr35/libm.a(addsf3.o)
 .bss           0x00000000        0x0 /usr/local/CrossPack-AVR-20131216/lib/gcc/avr/4.8.1/../../../../avr/lib/avr35/libm.a(addsf3.o)
 .text          0x00000000        0x0 /usr/local/CrossPack-AVR-20131216/lib/gcc/avr/4.8.1/../../../../avr/lib/avr35/libm.a(addsf3x.o)
 .bss           0x00000000        0x0 /usr/local/CrossPack-AVR-20131216/lib/gcc/avr/4.8.1/../../../../avr/lib/avr35/libm.a(addsf3x.o)
 .text          0x00000000        0x0 /usr/local/CrossPack-AVR-20131216/lib/gcc/avr/4.8.1/../../../../avr/lib/avr35/libm.a(divsf3.o)
 .bss           0x00000000        0x0 /usr/local/CrossPack-AVR-20131216/lib/gcc/avr/4.8.1/../../../../avr/lib/avr35/libm.a(divsf3.o)
 .text          0x00000000        0x0 /usr/local/CrossPack-AVR-20131216/lib/gcc/avr/4.8.1/../../../../avr/lib/avr35/libm.a(divsf3x.o)
 .bss           0x00000000        0x0 /usr/local/CrossPack-AVR-20131216/lib/gcc/avr/4.8.1/../../../../avr/lib/avr35/libm.a(divsf3x.o)
 .text          0x00000000        0x0 /usr/local/CrossPack-AVR-20131216/lib/gcc/avr/4.8.1/../../../../avr/lib/avr35/libm.a(fixsfsi.o)
 .bss           0x00000000        0x0 /usr/local/CrossPack-AVR-20131216/lib/gcc/avr/4.8.1/../../../../avr/lib/avr35/libm.a(fixsfsi.o)
 .text          0x00000000        0x0 /usr/local/CrossPack-AVR-20131216/lib/gcc/avr/4.8.1/../../../../avr/lib/avr35/libm.a(fixunssfsi.o)
 .bss           0x00000000        0x0 /usr/local/CrossPack-AVR-20131216/lib/gcc/avr/4.8.1/../../../../avr/lib/avr35/libm.a(fixunssfsi.o)
 .text          0x00000000        0x0 /usr/local/CrossPack-AVR-20131216/lib/gcc/avr/4.8.1/../../../../avr/lib/avr35/libm.a(floatsisf.o)
 .bss           0x00000000        0x0 /usr/local/CrossPack-AVR-20131216/lib/gcc/avr/4.8.1/../../../../avr/lib/avr35/libm.a(floatsisf.o)
 .text          0x00000000        0x0 /usr/local/CrossPack-AVR-20131216/lib/gcc/avr/4.8.1/../../../../avr/lib/avr35/libm.a(fp_inf.o)
 .bss           0x00000000        0x0 /usr/local/CrossPack-AVR-20131216/lib/gcc/avr/4.8.1/../../../../avr/lib/avr35/libm.a(fp_inf.o)
 .text          0x00000000        0x0 /usr/local/CrossPack-AVR-20131216/lib/gcc/avr/4.8.1/../../../../avr/lib/avr35/libm.a(fp_nan.o)
 .bss           0x00000000        0x0 /usr/local/CrossPack-AVR-20131216/lib/gcc/avr/4.8.1/../../../../avr/lib/avr35/libm.a(fp_nan.o)
 .text          0x00000000        0x0 /usr/local/CrossPack-AVR-20131216/lib/gcc/avr/4.8.1/../../../../avr/lib/avr35/libm.a(fp_pscA.o)
 .bss           0x00000000        0x0 /usr/local/CrossPack-AVR-20131216/lib/gcc/avr/4.8.1/../../../../avr/lib/avr35/libm.a(fp_pscA.o)
 .text          0x00000000        0x0 /usr/local/CrossPack-AVR-20131216/lib/gcc/avr/4.8.1/../../../../avr/lib/avr35/libm.a(fp_pscB.o)
 .bss           0x00000000        0x0 /usr/local/CrossPack-AVR-20131216/lib/gcc/avr/4.8.1/../../../../avr/lib/avr35/libm.a(fp_pscB.o)
 .text          0x00000000        0x0 /usr/local/CrossPack-AVR-20131216/lib/gcc/avr/4.8.1/../../../../avr/lib/avr35/libm.a(fp_round.o)
 .bss           0x00000000        0x0 /usr/local/CrossPack-AVR-20131216/lib/gcc/avr/4.8.1/../../../../avr/lib/avr35/libm.a(fp_round.o)
 .text          0x00000000        0x0 /usr/local/CrossPack-AVR-20131216/lib/gcc/avr/4.8.1/../../../../avr/lib/avr35/libm.a(fp_split3.o)
 .bss           0x00000000        0x0 /usr/local/CrossPack-AVR-20131216/lib/gcc/avr/4.8.1/../../../../avr/lib/avr35/libm.a(fp_split3.o)
 .text          0x00000000        0x0 /usr/local/CrossPack-AVR-20131216/lib/gcc/avr/4.8.1/../../../../avr/lib/avr35/libm.a(fp_zero.o)
 .bss           0x00000000        0x0 /usr/local/CrossPack-AVR-20131216/lib/gcc/avr/4.8.1/../../../../avr/lib/avr35/libm.a(fp_zero.o)
 .text          0x00000000        0x0 /usr/local/CrossPack-AVR-20131216/lib/gcc/avr/4.8.1/../../../../avr/lib/avr35/libm.a(mulsf3.o)
 .bss           0x00000000        0x0 /usr/local/CrossPack-AVR-20131216/lib/gcc/avr/4.8.1/../../../../avr/lib/avr35/libm.a(mulsf3.o)
 .text          0x00000000        0x0 /usr/local/CrossPack-AVR-20131216/lib/gcc/avr/4.8.1/../../../../avr/lib/avr35/libm.a(mulsf3x.o)
 .bss           0x00000000        0x0 /usr/local/CrossPack-AVR-20131216/lib/gcc/avr/4.8.1/../../../../avr/lib/avr35/libm.a(mulsf3x.o)
 .text          0x00000000        0x0 /usr/local/CrossPack-AVR-20131216/lib/gcc/avr/4.8.1/../../../../avr/lib/avr35/libc.a(fprintf.o)
 .bss           0x00000000        0x0 /usr/local/CrossPack-AVR-20131216/lib/gcc/avr/4.8.1/../../../../avr/lib/avr35/libc.a(fprintf.o)
 .text          0x00000000        0x0 /usr/local/CrossPack-AVR-20131216/lib/gcc/avr/4.8.1/../../../../avr/lib/avr35/libc.a(fputs.o)
 .bss           0x00000000        0x0 /usr/local/CrossPack-AVR-20131216/lib/gcc/avr/4.8.1/../../../../avr/lib/avr35/libc.a(fputs.o)
 .text          0x00000000        0x0 /usr/local/CrossPack-AVR-20131216/lib/gcc/avr/4.8.1/../../../../avr/lib/avr35/libc.a(iob.o)
 .bss           0x00000000        0x0 /usr/local/CrossPack-AVR-20131216/lib/gcc/avr/4.8.1/../../../../avr/lib/avr35/libc.a(iob.o)
 .text          0x00000000        0x0 /usr/local/CrossPack-AVR-20131216/lib/gcc/avr/4.8.1/../../../../avr/lib/avr35/libc.a(vfprintf_std.o)
 .bss           0x00000000        0x0 /usr/local/CrossPack-AVR-20131216/lib/gcc/avr/4.8.1/../../../../avr/lib/avr35/libc.a(vfprintf_std.o)
 .text          0x00000000        0x0 /usr/local/CrossPack-AVR-20131216/lib/gcc/avr/4.8.1/../../../../avr/lib/avr35/libc.a(strnlen_P.o)
 .bss           0x00000000        0x0 /usr/local/CrossPack-AVR-20131216/lib/gcc/avr/4.8.1/../../../../avr/lib/avr35/libc.a(strnlen_P.o)
 .text          0x00000000        0x0 /usr/local/CrossPack-AVR-20131216/lib/gcc/avr/4.8.1/../../../../avr/lib/avr35/libc.a(strnlen.o)
 .bss           0x00000000        0x0 /usr/local/CrossPack-AVR-20131216/lib/gcc/avr/4.8.1/../../../../avr/lib/avr35/libc.a(strnlen.o)
 .text          0x00000000        0x0 /usr/local/CrossPack-AVR-20131216/lib/gcc/avr/4.8.1/../../../../avr/lib/avr35/libc.a(fputc.o)
 .bss           0x00000000        0x0 /usr/local/CrossPack-AVR-20131216/lib/gcc/avr/4.8.1/../../../../avr/lib/avr35/libc.a(fputc.o)
 .text          0x00000000        0x0 /usr/local/CrossPack-AVR-20131216/lib/gcc/avr/4.8.1/../../../../avr/lib/avr35/libc.a(ultoa_invert.o)
 .bss           0x00000000        0x0 /usr/local/CrossPack-AVR-20131216/lib/gcc/avr/4.8.1/../../../../avr/lib/avr35/libc.a(ultoa_invert.o)
 .text          0x00000000        0x0 /usr/local/CrossPack-AVR-20131216/lib/gcc/avr/4.8.1/avr35/libgcc.a(_prologue.o)
 .bss           0x00000000        0x0 /usr/local/CrossPack-AVR-20131216/lib/gcc/avr/4.8.1/avr35/libgcc.a(_prologue.o)
 .text.libgcc.mul
                0x00000000        0x0 /usr/local/CrossPack-AVR-20131216/lib/gcc/avr/4.8.1/avr35/libgcc.a(_prologue.o)
 .text.libgcc.div
                0x00000000        0x0 /usr/local/CrossPack-AVR-20131216/lib/gcc/avr/4.8.1/avr35/libgcc.a(_prologue.o)
 .text.libgcc   0x00000000        0x0 /usr/local/CrossPack-AVR-20131216/lib/gcc/avr/4.8.1/avr35/libgcc.a(_prologue.o)
 .text.libgcc.builtins
                0x00000000        0x0 /usr/local/CrossPack-AVR-20131216/lib/gcc/avr/4.8.1/avr35/libgcc.a(_prologue.o)
 .text.libgcc.fmul
                0x00000000        0x0 /usr/local/CrossPack-AVR-20131216/lib/gcc/avr/4.8.1/avr35/libgcc.a(_prologue.o)
 .text.libgcc.fixed
                0x00000000        0x0 /usr/local/CrossPack-AVR-20131216/lib/gcc/avr/4.8.1/avr35/libgcc.a(_prologue.o)
 .text          0x00000000        0x0 /usr/local/CrossPack-AVR-20131216/lib/gcc/avr/4.8.1/avr35/libgcc.a(_epilogue.o)
 .bss           0x00000000        0x0 /usr/local/CrossPack-AVR-20131216/lib/gcc/avr/4.8.1/avr35/libgcc.a(_epilogue.o)
 .text.libgcc.mul
                0x00000000        0x0 /usr/local/CrossPack-AVR-20131216/lib/gcc/avr/4.8.1/avr35/libgcc.a(_epilogue.o)
 .text.libgcc.div
                0x00000000        0x0 /usr/local/CrossPack-AVR-20131216/lib/gcc/avr/4.8.1/avr35/libgcc.a(_epilogue.o)
 .text.libgcc   0x00000000        0x0 /usr/local/CrossPack-AVR-20131216/lib/gcc/avr/4.8.1/avr35/libgcc.a(_epilogue.o)
 .text.libgcc.builtins
                0x00000000        0x0 /usr/local/CrossPack-AVR-20131216/lib/gcc/avr/4.8.1/avr35/libgcc.a(_epilogue.o)
 .text.libgcc.fmul
                0x00000000        0x0 /usr/local/CrossPack-AVR-20131216/lib/gcc/avr/4.8.1/avr35/libgcc.a(_epilogue.o)
 .text.libgcc.fixed
                0x00000000        0x0 /usr/local/CrossPack-AVR-20131216/lib/gcc/avr/4.8.1/avr35/libgcc.a(_epilogue.o)

Memory Configuration

Name             Origin             Length             Attributes
text             0x00000000         0x00010000         xr
data             0x00800060         0x0000ffa0         rw !x
eeprom           0x00810000         0x00010000         rw !x
fuse             0x00820000         0x00000400         rw !x
lock             0x00830000         0x00000400         rw !x
signature        0x00840000         0x00000400         rw !x
user_signatures  0x00850000         0x00000400         rw !x
*default*        0x00000000         0xffffffff

Linker script and memory map

Address of section .data set to 0x800100
LOAD /usr/local/CrossPack-AVR-20131216/lib/gcc/avr/4.8.1/../../../../avr/lib/avr35/crttn1634.o
LOAD /usr/local/CrossPack-AVR-20131216/lib/gcc/avr/4.8.1/../../../../avr/lib/avr35/libm.a
LOAD USART.o
LOAD hd44780.o
LOAD lcd.o
LOAD main.o
START GROUP
LOAD /usr/local/CrossPack-AVR-20131216/lib/gcc/avr/4.8.1/avr35/libgcc.a
LOAD /usr/local/CrossPack-AVR-20131216/lib/gcc/avr/4.8.1/../../../../avr/lib/avr35/libm.a
LOAD /usr/local/CrossPack-AVR-20131216/lib/gcc/avr/4.8.1/../../../../avr/lib/avr35/libc.a
END GROUP

.hash
 *(.hash)

.dynsym
 *(.dynsym)

.dynstr
 *(.dynstr)

.gnu.version
 *(.gnu.version)

.gnu.version_d
 *(.gnu.version_d)

.gnu.version_r
 *(.gnu.version_r)

.rel.init
 *(.rel.init)

.rela.init
 *(.rela.init)

.rel.text
 *(.rel.text)
 *(.rel.text.*)
 *(.rel.gnu.linkonce.t*)

.rela.text
 *(.rela.text)
 *(.rela.text.*)
 *(.rela.gnu.linkonce.t*)

.rel.fini
 *(.rel.fini)

.rela.fini
 *(.rela.fini)

.rel.rodata
 *(.rel.rodata)
 *(.rel.rodata.*)
 *(.rel.gnu.linkonce.r*)

.rela.rodata
 *(.rela.rodata)
 *(.rela.rodata.*)
 *(.rela.gnu.linkonce.r*)

.rel.data
 *(.rel.data)
 *(.rel.data.*)
 *(.rel.gnu.linkonce.d*)

.rela.data
 *(.rela.data)
 *(.rela.data.*)
 *(.rela.gnu.linkonce.d*)

.rel.ctors
 *(.rel.ctors)

.rela.ctors
 *(.rela.ctors)

.rel.dtors
 *(.rel.dtors)

.rela.dtors
 *(.rela.dtors)

.rel.got
 *(.rel.got)

.rela.got
 *(.rela.got)

.rel.bss
 *(.rel.bss)

.rela.bss
 *(.rela.bss)

.rel.plt
 *(.rel.plt)

.rela.plt
 *(.rela.plt)

.text           0x00000000     0x1064
 *(.vectors)
 .vectors       0x00000000       0x70 /usr/local/CrossPack-AVR-20131216/lib/gcc/avr/4.8.1/../../../../avr/lib/avr35/crttn1634.o
                0x00000000                __vectors
                0x00000000                __vector_default
 *(.vectors)
 *(.progmem.gcc*)
                0x00000070                . = ALIGN (0x2)
                0x00000070                __trampolines_start = .
 *(.trampolines)
 .trampolines   0x00000070        0x0 linker stubs
 *(.trampolines*)
                0x00000070                __trampolines_end = .
 *(.progmem*)
                0x00000070                . = ALIGN (0x2)
 *(.jumptables)
 *(.jumptables*)
 *(.lowtext)
 *(.lowtext*)
                0x00000070                __ctors_start = .
 *(.ctors)
                0x00000070                __ctors_end = .
                0x00000070                __dtors_start = .
 *(.dtors)
                0x00000070                __dtors_end = .
 SORT(*)(.ctors)
 SORT(*)(.dtors)
 *(.init0)
 .init0         0x00000070        0x0 /usr/local/CrossPack-AVR-20131216/lib/gcc/avr/4.8.1/../../../../avr/lib/avr35/crttn1634.o
                0x00000070                __init
 *(.init0)
 *(.init1)
 *(.init1)
 *(.init2)
 .init2         0x00000070        0xc /usr/local/CrossPack-AVR-20131216/lib/gcc/avr/4.8.1/../../../../avr/lib/avr35/crttn1634.o
 *(.init2)
 *(.init3)
 *(.init3)
 *(.init4)
 .init4         0x0000007c       0x16 /usr/local/CrossPack-AVR-20131216/lib/gcc/avr/4.8.1/avr35/libgcc.a(_copy_data.o)
                0x0000007c                __do_copy_data
 .init4         0x00000092       0x10 /usr/local/CrossPack-AVR-20131216/lib/gcc/avr/4.8.1/avr35/libgcc.a(_clear_bss.o)
                0x00000092                __do_clear_bss
 *(.init4)
 *(.init5)
 *(.init5)
 *(.init6)
 *(.init6)
 *(.init7)
 *(.init7)
 *(.init8)
 *(.init8)
 *(.init9)
 .init9         0x000000a2        0x8 /usr/local/CrossPack-AVR-20131216/lib/gcc/avr/4.8.1/../../../../avr/lib/avr35/crttn1634.o
 *(.init9)
 *(.text)
 .text          0x000000aa        0x4 /usr/local/CrossPack-AVR-20131216/lib/gcc/avr/4.8.1/../../../../avr/lib/avr35/crttn1634.o
                0x000000aa                __vector_20
                0x000000aa                __vector_1
                0x000000aa                __vector_24
                0x000000aa                __vector_12
                0x000000aa                __bad_interrupt
                0x000000aa                __vector_6
                0x000000aa                __vector_3
                0x000000aa                __vector_23
                0x000000aa                __vector_25
                0x000000aa                __vector_11
                0x000000aa                __vector_13
                0x000000aa                __vector_17
                0x000000aa                __vector_19
                0x000000aa                __vector_7
                0x000000aa                __vector_27
                0x000000aa                __vector_5
                0x000000aa                __vector_4
                0x000000aa                __vector_9
                0x000000aa                __vector_2
                0x000000aa                __vector_21
                0x000000aa                __vector_15
                0x000000aa                __vector_8
                0x000000aa                __vector_26
                0x000000aa                __vector_14
                0x000000aa                __vector_10
                0x000000aa                __vector_16
                0x000000aa                __vector_18
                0x000000aa                __vector_22
                0x000000ae                . = ALIGN (0x2)
 *(.text.*)
 .text.initUSART
                0x000000ae       0x16 USART.o
                0x000000ae                initUSART
 .text.uart_putchar
                0x000000c4       0x34 USART.o
                0x000000c4                uart_putchar
 .text.transmitByte
                0x000000f8        0xa USART.o
                0x000000f8                transmitByte
 .text.printString
                0x00000102       0x26 USART.o
                0x00000102                printString
 .text.hd44780_outnibble
                0x00000128       0x1a hd44780.o
 .text.hd44780_innibble
                0x00000142       0x26 hd44780.o
 .text.hd44780_outbyte
                0x00000168       0x1e hd44780.o
                0x00000168                hd44780_outbyte
 .text.hd44780_inbyte
                0x00000186       0x1e hd44780.o
                0x00000186                hd44780_inbyte
 .text.hd44780_wait_ready
                0x000001a4        0xc hd44780.o
                0x000001a4                hd44780_wait_ready
 .text.hd44780_init
                0x000001b0       0x76 hd44780.o
                0x000001b0                hd44780_init
 .text.lcd_init
                0x00000226       0x2e lcd.o
                0x00000226                lcd_init
 .text.lcd_putchar
                0x00000254       0x62 lcd.o
                0x00000254                lcd_putchar
 .text.put_char
                0x000002b6       0x4a lcd.o
                0x000002b6                put_char
 .text.startFirstRow
                0x00000300       0x14 lcd.o
                0x00000300                startFirstRow
 .text.startSecondRow
                0x00000314       0x14 lcd.o
                0x00000314                startSecondRow
 .text.updateDisplay.part.0
                0x00000328       0x2c main.o
 .text.updateDisplay
                0x00000354       0xe6 main.o
                0x00000354                updateDisplay
 .text.initializeADC
                0x0000043a        0x8 main.o
                0x0000043a                initializeADC
 .text.readADC  0x00000442       0x14 main.o
                0x00000442                readADC
 .text.getSamples
                0x00000456      0x166 main.o
                0x00000456                getSamples
 .text.startup.main
                0x000005bc       0xb0 main.o
                0x000005bc                main
 .text.libgcc.mul
                0x0000066c       0x12 /usr/local/CrossPack-AVR-20131216/lib/gcc/avr/4.8.1/avr35/libgcc.a(_mulqi3.o)
                0x0000066c                __mulqi3
 .text.libgcc.div
                0x0000067e       0x18 /usr/local/CrossPack-AVR-20131216/lib/gcc/avr/4.8.1/avr35/libgcc.a(_udivmodqi4.o)
                0x0000067e                __udivmodqi4
 .text.avr-libc.fplib
                0x00000696        0xa /usr/local/CrossPack-AVR-20131216/lib/gcc/avr/4.8.1/../../../../avr/lib/avr35/libm.a(addsf3.o)
                0x00000696                __subsf3
                0x00000698                __addsf3
 .text.avr-libc.fplib
                0x000006a0       0xc0 /usr/local/CrossPack-AVR-20131216/lib/gcc/avr/4.8.1/../../../../avr/lib/avr35/libm.a(addsf3x.o)
                0x000006ba                __addsf3x
 .text.avr-libc.fplib
                0x00000760        0x4 /usr/local/CrossPack-AVR-20131216/lib/gcc/avr/4.8.1/../../../../avr/lib/avr35/libm.a(divsf3.o)
                0x00000760                __divsf3
 .text.avr-libc.fplib
                0x00000764       0xcc /usr/local/CrossPack-AVR-20131216/lib/gcc/avr/4.8.1/../../../../avr/lib/avr35/libm.a(divsf3x.o)
                0x0000077a                __divsf3x
                0x0000077e                __divsf3_pse
 .text.avr-libc.fplib
                0x00000830        0xa /usr/local/CrossPack-AVR-20131216/lib/gcc/avr/4.8.1/../../../../avr/lib/avr35/libm.a(fixsfsi.o)
                0x00000830                __fixsfsi
 .text.avr-libc.fplib
                0x0000083a       0x58 /usr/local/CrossPack-AVR-20131216/lib/gcc/avr/4.8.1/../../../../avr/lib/avr35/libm.a(fixunssfsi.o)
                0x0000083a                __fixunssfsi
 .text.avr-libc.fplib
                0x00000892       0x7a /usr/local/CrossPack-AVR-20131216/lib/gcc/avr/4.8.1/../../../../avr/lib/avr35/libm.a(floatsisf.o)
                0x00000892                __floatunsisf
                0x00000896                __floatsisf
 .text.avr-libc.fplib
                0x0000090c        0xc /usr/local/CrossPack-AVR-20131216/lib/gcc/avr/4.8.1/../../../../avr/lib/avr35/libm.a(fp_inf.o)
                0x0000090c                __fp_inf
 .text.avr-libc.fplib
                0x00000918        0x6 /usr/local/CrossPack-AVR-20131216/lib/gcc/avr/4.8.1/../../../../avr/lib/avr35/libm.a(fp_nan.o)
                0x00000918                __fp_nan
 .text.avr-libc.fplib
                0x0000091e        0xe /usr/local/CrossPack-AVR-20131216/lib/gcc/avr/4.8.1/../../../../avr/lib/avr35/libm.a(fp_pscA.o)
                0x0000091e                __fp_pscA
 .text.avr-libc.fplib
                0x0000092c        0xe /usr/local/CrossPack-AVR-20131216/lib/gcc/avr/4.8.1/../../../../avr/lib/avr35/libm.a(fp_pscB.o)
                0x0000092c                __fp_pscB
 .text.avr-libc.fplib
                0x0000093a       0x22 /usr/local/CrossPack-AVR-20131216/lib/gcc/avr/4.8.1/../../../../avr/lib/avr35/libm.a(fp_round.o)
                0x0000093a                __fp_round
 .text.avr-libc.fplib
                0x0000095c       0x44 /usr/local/CrossPack-AVR-20131216/lib/gcc/avr/4.8.1/../../../../avr/lib/avr35/libm.a(fp_split3.o)
                0x0000095c                __fp_split3
                0x0000096c                __fp_splitA
 .text.avr-libc.fplib
                0x000009a0        0xe /usr/local/CrossPack-AVR-20131216/lib/gcc/avr/4.8.1/../../../../avr/lib/avr35/libm.a(fp_zero.o)
                0x000009a0                __fp_zero
                0x000009a2                __fp_szero
 .text.avr-libc.fplib
                0x000009ae        0x4 /usr/local/CrossPack-AVR-20131216/lib/gcc/avr/4.8.1/../../../../avr/lib/avr35/libm.a(mulsf3.o)
                0x000009ae                __mulsf3
 .text.avr-libc.fplib
                0x000009b2       0xd2 /usr/local/CrossPack-AVR-20131216/lib/gcc/avr/4.8.1/../../../../avr/lib/avr35/libm.a(mulsf3x.o)
                0x000009c4                __mulsf3x
                0x000009c8                __mulsf3_pse
 .text.avr-libc
                0x00000a84       0x24 /usr/local/CrossPack-AVR-20131216/lib/gcc/avr/4.8.1/../../../../avr/lib/avr35/libc.a(fprintf.o)
                0x00000a84                fprintf
 .text.avr-libc
                0x00000aa8       0x52 /usr/local/CrossPack-AVR-20131216/lib/gcc/avr/4.8.1/../../../../avr/lib/avr35/libc.a(fputs.o)
                0x00000aa8                fputs
 .text.avr-libc
                0x00000afa      0x3a8 /usr/local/CrossPack-AVR-20131216/lib/gcc/avr/4.8.1/../../../../avr/lib/avr35/libc.a(vfprintf_std.o)
                0x00000afa                vfprintf
 .text.avr-libc
                0x00000ea2       0x16 /usr/local/CrossPack-AVR-20131216/lib/gcc/avr/4.8.1/../../../../avr/lib/avr35/libc.a(strnlen_P.o)
                0x00000ea2                strnlen_P
 .text.avr-libc
                0x00000eb8       0x16 /usr/local/CrossPack-AVR-20131216/lib/gcc/avr/4.8.1/../../../../avr/lib/avr35/libc.a(strnlen.o)
                0x00000eb8                strnlen
 .text.avr-libc
                0x00000ece       0x64 /usr/local/CrossPack-AVR-20131216/lib/gcc/avr/4.8.1/../../../../avr/lib/avr35/libc.a(fputc.o)
                0x00000ece                fputc
 .text.avr-libc
                0x00000f32       0xc0 /usr/local/CrossPack-AVR-20131216/lib/gcc/avr/4.8.1/../../../../avr/lib/avr35/libc.a(ultoa_invert.o)
                0x00000f32                __ultoa_invert
 .text.libgcc.prologue
                0x00000ff2       0x38 /usr/local/CrossPack-AVR-20131216/lib/gcc/avr/4.8.1/avr35/libgcc.a(_prologue.o)
                0x00000ff2                __prologue_saves__
 .text.libgcc.prologue
                0x0000102a       0x36 /usr/local/CrossPack-AVR-20131216/lib/gcc/avr/4.8.1/avr35/libgcc.a(_epilogue.o)
                0x0000102a                __epilogue_restores__
                0x00001060                . = ALIGN (0x2)
 *(.fini9)
 .fini9         0x00001060        0x0 /usr/local/CrossPack-AVR-20131216/lib/gcc/avr/4.8.1/avr35/libgcc.a(_exit.o)
                0x00001060                exit
                0x00001060                _exit
 *(.fini9)
 *(.fini8)
 *(.fini8)
 *(.fini7)
 *(.fini7)
 *(.fini6)
 *(.fini6)
 *(.fini5)
 *(.fini5)
 *(.fini4)
 *(.fini4)
 *(.fini3)
 *(.fini3)
 *(.fini2)
 *(.fini2)
 *(.fini1)
 *(.fini1)
 *(.fini0)
 .fini0         0x00001060        0x4 /usr/local/CrossPack-AVR-20131216/lib/gcc/avr/4.8.1/avr35/libgcc.a(_exit.o)
 *(.fini0)
                0x00001064                _etext = .

.data           0x00800100       0x5a load address 0x00001064
                0x00800100                PROVIDE (__data_start, .)
 *(.data)
 .data          0x00800100        0x0 /usr/local/CrossPack-AVR-20131216/lib/gcc/avr/4.8.1/../../../../avr/lib/avr35/crttn1634.o
 .data          0x00800100        0x0 USART.o
 .data          0x00800100        0x0 hd44780.o
 .data          0x00800100        0x0 lcd.o
 .data          0x00800100        0x0 main.o
 .data          0x00800100        0x0 /usr/local/CrossPack-AVR-20131216/lib/gcc/avr/4.8.1/avr35/libgcc.a(_mulqi3.o)
 .data          0x00800100        0x0 /usr/local/CrossPack-AVR-20131216/lib/gcc/avr/4.8.1/avr35/libgcc.a(_udivmodqi4.o)
 .data          0x00800100        0x0 /usr/local/CrossPack-AVR-20131216/lib/gcc/avr/4.8.1/avr35/libgcc.a(_udivmodhi4.o)
 .data          0x00800100        0x0 /usr/local/CrossPack-AVR-20131216/lib/gcc/avr/4.8.1/avr35/libgcc.a(_exit.o)
 .data          0x00800100        0x0 /usr/local/CrossPack-AVR-20131216/lib/gcc/avr/4.8.1/avr35/libgcc.a(_copy_data.o)
 .data          0x00800100        0x0 /usr/local/CrossPack-AVR-20131216/lib/gcc/avr/4.8.1/avr35/libgcc.a(_clear_bss.o)
 .data          0x00800100        0x0 /usr/local/CrossPack-AVR-20131216/lib/gcc/avr/4.8.1/../../../../avr/lib/avr35/libm.a(addsf3.o)
 .data          0x00800100        0x0 /usr/local/CrossPack-AVR-20131216/lib/gcc/avr/4.8.1/../../../../avr/lib/avr35/libm.a(addsf3x.o)
 .data          0x00800100        0x0 /usr/local/CrossPack-AVR-20131216/lib/gcc/avr/4.8.1/../../../../avr/lib/avr35/libm.a(divsf3.o)
 .data          0x00800100        0x0 /usr/local/CrossPack-AVR-20131216/lib/gcc/avr/4.8.1/../../../../avr/lib/avr35/libm.a(divsf3x.o)
 .data          0x00800100        0x0 /usr/local/CrossPack-AVR-20131216/lib/gcc/avr/4.8.1/../../../../avr/lib/avr35/libm.a(fixsfsi.o)
 .data          0x00800100        0x0 /usr/local/CrossPack-AVR-20131216/lib/gcc/avr/4.8.1/../../../../avr/lib/avr35/libm.a(fixunssfsi.o)
 .data          0x00800100        0x0 /usr/local/CrossPack-AVR-20131216/lib/gcc/avr/4.8.1/../../../../avr/lib/avr35/libm.a(floatsisf.o)
 .data          0x00800100        0x0 /usr/local/CrossPack-AVR-20131216/lib/gcc/avr/4.8.1/../../../../avr/lib/avr35/libm.a(fp_inf.o)
 .data          0x00800100        0x0 /usr/local/CrossPack-AVR-20131216/lib/gcc/avr/4.8.1/../../../../avr/lib/avr35/libm.a(fp_nan.o)
 .data          0x00800100        0x0 /usr/local/CrossPack-AVR-20131216/lib/gcc/avr/4.8.1/../../../../avr/lib/avr35/libm.a(fp_pscA.o)
 .data          0x00800100        0x0 /usr/local/CrossPack-AVR-20131216/lib/gcc/avr/4.8.1/../../../../avr/lib/avr35/libm.a(fp_pscB.o)
 .data          0x00800100        0x0 /usr/local/CrossPack-AVR-20131216/lib/gcc/avr/4.8.1/../../../../avr/lib/avr35/libm.a(fp_round.o)
 .data          0x00800100        0x0 /usr/local/CrossPack-AVR-20131216/lib/gcc/avr/4.8.1/../../../../avr/lib/avr35/libm.a(fp_split3.o)
 .data          0x00800100        0x0 /usr/local/CrossPack-AVR-20131216/lib/gcc/avr/4.8.1/../../../../avr/lib/avr35/libm.a(fp_zero.o)
 .data          0x00800100        0x0 /usr/local/CrossPack-AVR-20131216/lib/gcc/avr/4.8.1/../../../../avr/lib/avr35/libm.a(mulsf3.o)
 .data          0x00800100        0x0 /usr/local/CrossPack-AVR-20131216/lib/gcc/avr/4.8.1/../../../../avr/lib/avr35/libm.a(mulsf3x.o)
 .data          0x00800100        0x0 /usr/local/CrossPack-AVR-20131216/lib/gcc/avr/4.8.1/../../../../avr/lib/avr35/libc.a(fprintf.o)
 .data          0x00800100        0x0 /usr/local/CrossPack-AVR-20131216/lib/gcc/avr/4.8.1/../../../../avr/lib/avr35/libc.a(fputs.o)
 .data          0x00800100        0x0 /usr/local/CrossPack-AVR-20131216/lib/gcc/avr/4.8.1/../../../../avr/lib/avr35/libc.a(iob.o)
 .data          0x00800100        0x0 /usr/local/CrossPack-AVR-20131216/lib/gcc/avr/4.8.1/../../../../avr/lib/avr35/libc.a(vfprintf_std.o)
 .data          0x00800100        0x0 /usr/local/CrossPack-AVR-20131216/lib/gcc/avr/4.8.1/../../../../avr/lib/avr35/libc.a(strnlen_P.o)
 .data          0x00800100        0x0 /usr/local/CrossPack-AVR-20131216/lib/gcc/avr/4.8.1/../../../../avr/lib/avr35/libc.a(strnlen.o)
 .data          0x00800100        0x0 /usr/local/CrossPack-AVR-20131216/lib/gcc/avr/4.8.1/../../../../avr/lib/avr35/libc.a(fputc.o)
 .data          0x00800100        0x0 /usr/local/CrossPack-AVR-20131216/lib/gcc/avr/4.8.1/../../../../avr/lib/avr35/libc.a(ultoa_invert.o)
 .data          0x00800100        0x0 /usr/local/CrossPack-AVR-20131216/lib/gcc/avr/4.8.1/avr35/libgcc.a(_prologue.o)
 .data          0x00800100        0x0 /usr/local/CrossPack-AVR-20131216/lib/gcc/avr/4.8.1/avr35/libgcc.a(_epilogue.o)
 *(.data*)
 *(.rodata)
 .rodata        0x00800100       0x10 main.o
 *(.rodata*)
 .rodata.str1.1
                0x00800110       0x12 USART.o
 .rodata.str1.1
                0x00800122       0x37 main.o
 *(.gnu.linkonce.d*)
                0x0080015a                . = ALIGN (0x2)
 *fill*         0x00800159        0x1 
                0x0080015a                _edata = .
                0x0080015a                PROVIDE (__data_end, .)

.bss            0x0080015a        0x7
                0x0080015a                PROVIDE (__bss_start, .)
 *(.bss)
 *(.bss*)
 .bss.nl_seen.1807
                0x0080015a        0x1 lcd.o
 *(COMMON)
 COMMON         0x0080015b        0x6 /usr/local/CrossPack-AVR-20131216/lib/gcc/avr/4.8.1/../../../../avr/lib/avr35/libc.a(iob.o)
                0x0080015b                __iob
                0x00800161                PROVIDE (__bss_end, .)
                0x00001064                __data_load_start = LOADADDR (.data)
                0x000010be                __data_load_end = (__data_load_start + SIZEOF (.data))

.noinit         0x00800161        0x0
                0x00800161                PROVIDE (__noinit_start, .)
 *(.noinit*)
                0x00800161                PROVIDE (__noinit_end, .)
                0x00800161                _end = .
                0x00800161                PROVIDE (__heap_start, .)

.eeprom         0x00810000        0x0
 *(.eeprom*)
                0x00810000                __eeprom_end = .

.fuse
 *(.fuse)
 *(.lfuse)
 *(.hfuse)
 *(.efuse)

.lock
 *(.lock*)

.signature
 *(.signature*)

.user_signatures
 *(.user_signatures*)

.stab
 *(.stab)

.stabstr
 *(.stabstr)

.stab.excl
 *(.stab.excl)

.stab.exclstr
 *(.stab.exclstr)

.stab.index
 *(.stab.index)

.stab.indexstr
 *(.stab.indexstr)

.comment        0x00000000       0x11
 *(.comment)
 .comment       0x00000000       0x11 USART.o
                                 0x12 (size before relaxing)
 .comment       0x00000000       0x12 hd44780.o
 .comment       0x00000000       0x12 lcd.o
 .comment       0x00000000       0x12 main.o
 .comment       0x00000000       0x12 /usr/local/CrossPack-AVR-20131216/lib/gcc/avr/4.8.1/../../../../avr/lib/avr35/libc.a(fprintf.o)
 .comment       0x00000000       0x12 /usr/local/CrossPack-AVR-20131216/lib/gcc/avr/4.8.1/../../../../avr/lib/avr35/libc.a(fputs.o)
 .comment       0x00000000       0x12 /usr/local/CrossPack-AVR-20131216/lib/gcc/avr/4.8.1/../../../../avr/lib/avr35/libc.a(iob.o)
 .comment       0x00000000       0x12 /usr/local/CrossPack-AVR-20131216/lib/gcc/avr/4.8.1/../../../../avr/lib/avr35/libc.a(vfprintf_std.o)
 .comment       0x00000000       0x12 /usr/local/CrossPack-AVR-20131216/lib/gcc/avr/4.8.1/../../../../avr/lib/avr35/libc.a(fputc.o)

.debug
 *(.debug)

.line
 *(.line)

.debug_srcinfo
 *(.debug_srcinfo)

.debug_sfnames
 *(.debug_sfnames)

.debug_aranges  0x00000000      0x260
 *(.debug_aranges)
 .debug_aranges
                0x00000000       0x80 USART.o
 .debug_aranges
                0x00000080       0x50 hd44780.o
 .debug_aranges
                0x000000d0       0x48 lcd.o
 .debug_aranges
                0x00000118       0x48 main.o
 .debug_aranges
                0x00000160       0x20 /usr/local/CrossPack-AVR-20131216/lib/gcc/avr/4.8.1/avr35/libgcc.a(_mulqi3.o)
 .debug_aranges
                0x00000180       0x20 /usr/local/CrossPack-AVR-20131216/lib/gcc/avr/4.8.1/avr35/libgcc.a(_udivmodqi4.o)
 .debug_aranges
                0x000001a0       0x20 /usr/local/CrossPack-AVR-20131216/lib/gcc/avr/4.8.1/avr35/libgcc.a(_udivmodhi4.o)
 .debug_aranges
                0x000001c0       0x20 /usr/local/CrossPack-AVR-20131216/lib/gcc/avr/4.8.1/avr35/libgcc.a(_exit.o)
 .debug_aranges
                0x000001e0       0x20 /usr/local/CrossPack-AVR-20131216/lib/gcc/avr/4.8.1/avr35/libgcc.a(_copy_data.o)
 .debug_aranges
                0x00000200       0x20 /usr/local/CrossPack-AVR-20131216/lib/gcc/avr/4.8.1/avr35/libgcc.a(_clear_bss.o)
 .debug_aranges
                0x00000220       0x20 /usr/local/CrossPack-AVR-20131216/lib/gcc/avr/4.8.1/avr35/libgcc.a(_prologue.o)
 .debug_aranges
                0x00000240       0x20 /usr/local/CrossPack-AVR-20131216/lib/gcc/avr/4.8.1/avr35/libgcc.a(_epilogue.o)

.debug_pubnames
 *(.debug_pubnames)

.debug_info     0x00000000     0x1b73
 *(.debug_info)
 .debug_info    0x00000000      0x5cc USART.o
 .debug_info    0x000005cc      0x4cb hd44780.o
 .debug_info    0x00000a97      0x50d lcd.o
 .debug_info    0x00000fa4      0x5d7 main.o
 .debug_info    0x0000157b       0xbf /usr/local/CrossPack-AVR-20131216/lib/gcc/avr/4.8.1/avr35/libgcc.a(_mulqi3.o)
 .debug_info    0x0000163a       0xbf /usr/local/CrossPack-AVR-20131216/lib/gcc/avr/4.8.1/avr35/libgcc.a(_udivmodqi4.o)
 .debug_info    0x000016f9       0xbf /usr/local/CrossPack-AVR-20131216/lib/gcc/avr/4.8.1/avr35/libgcc.a(_udivmodhi4.o)
 .debug_info    0x000017b8       0xbf /usr/local/CrossPack-AVR-20131216/lib/gcc/avr/4.8.1/avr35/libgcc.a(_exit.o)
 .debug_info    0x00001877       0xbf /usr/local/CrossPack-AVR-20131216/lib/gcc/avr/4.8.1/avr35/libgcc.a(_copy_data.o)
 .debug_info    0x00001936       0xbf /usr/local/CrossPack-AVR-20131216/lib/gcc/avr/4.8.1/avr35/libgcc.a(_clear_bss.o)
 .debug_info    0x000019f5       0xbf /usr/local/CrossPack-AVR-20131216/lib/gcc/avr/4.8.1/avr35/libgcc.a(_prologue.o)
 .debug_info    0x00001ab4       0xbf /usr/local/CrossPack-AVR-20131216/lib/gcc/avr/4.8.1/avr35/libgcc.a(_epilogue.o)
 *(.gnu.linkonce.wi.*)

.debug_abbrev   0x00000000      0x8f0
 *(.debug_abbrev)
 .debug_abbrev  0x00000000      0x213 USART.o
 .debug_abbrev  0x00000213      0x1fc hd44780.o
 .debug_abbrev  0x0000040f      0x1ba lcd.o
 .debug_abbrev  0x000005c9      0x287 main.o
 .debug_abbrev  0x00000850       0x14 /usr/local/CrossPack-AVR-20131216/lib/gcc/avr/4.8.1/avr35/libgcc.a(_mulqi3.o)
 .debug_abbrev  0x00000864       0x14 /usr/local/CrossPack-AVR-20131216/lib/gcc/avr/4.8.1/avr35/libgcc.a(_udivmodqi4.o)
 .debug_abbrev  0x00000878       0x14 /usr/local/CrossPack-AVR-20131216/lib/gcc/avr/4.8.1/avr35/libgcc.a(_udivmodhi4.o)
 .debug_abbrev  0x0000088c       0x14 /usr/local/CrossPack-AVR-20131216/lib/gcc/avr/4.8.1/avr35/libgcc.a(_exit.o)
 .debug_abbrev  0x000008a0       0x14 /usr/local/CrossPack-AVR-20131216/lib/gcc/avr/4.8.1/avr35/libgcc.a(_copy_data.o)
 .debug_abbrev  0x000008b4       0x14 /usr/local/CrossPack-AVR-20131216/lib/gcc/avr/4.8.1/avr35/libgcc.a(_clear_bss.o)
 .debug_abbrev  0x000008c8       0x14 /usr/local/CrossPack-AVR-20131216/lib/gcc/avr/4.8.1/avr35/libgcc.a(_prologue.o)
 .debug_abbrev  0x000008dc       0x14 /usr/local/CrossPack-AVR-20131216/lib/gcc/avr/4.8.1/avr35/libgcc.a(_epilogue.o)

.debug_line     0x00000000      0x896
 *(.debug_line)
 .debug_line    0x00000000      0x1a4 USART.o
 .debug_line    0x000001a4      0x171 hd44780.o
 .debug_line    0x00000315      0x117 lcd.o
 .debug_line    0x0000042c      0x141 main.o
 .debug_line    0x0000056d       0x5f /usr/local/CrossPack-AVR-20131216/lib/gcc/avr/4.8.1/avr35/libgcc.a(_mulqi3.o)
 .debug_line    0x000005cc       0x62 /usr/local/CrossPack-AVR-20131216/lib/gcc/avr/4.8.1/avr35/libgcc.a(_udivmodqi4.o)
 .debug_line    0x0000062e       0x6a /usr/local/CrossPack-AVR-20131216/lib/gcc/avr/4.8.1/avr35/libgcc.a(_udivmodhi4.o)
 .debug_line    0x00000698       0x58 /usr/local/CrossPack-AVR-20131216/lib/gcc/avr/4.8.1/avr35/libgcc.a(_exit.o)
 .debug_line    0x000006f0       0x61 /usr/local/CrossPack-AVR-20131216/lib/gcc/avr/4.8.1/avr35/libgcc.a(_copy_data.o)
 .debug_line    0x00000751       0x5e /usr/local/CrossPack-AVR-20131216/lib/gcc/avr/4.8.1/avr35/libgcc.a(_clear_bss.o)
 .debug_line    0x000007af       0x74 /usr/local/CrossPack-AVR-20131216/lib/gcc/avr/4.8.1/avr35/libgcc.a(_prologue.o)
 .debug_line    0x00000823       0x73 /usr/local/CrossPack-AVR-20131216/lib/gcc/avr/4.8.1/avr35/libgcc.a(_epilogue.o)

.debug_frame    0x00000000      0x37c
 *(.debug_frame)
 .debug_frame   0x00000000      0x180 USART.o
 .debug_frame   0x00000180       0x9c hd44780.o
 .debug_frame   0x0000021c       0x90 lcd.o
 .debug_frame   0x000002ac       0xd0 main.o

.debug_str      0x00000000      0x4d2
 *(.debug_str)
 .debug_str     0x00000000      0x219 USART.o
                                0x269 (size before relaxing)
 .debug_str     0x00000219      0x100 hd44780.o
                                0x236 (size before relaxing)
 .debug_str     0x00000319       0x81 lcd.o
                                0x20b (size before relaxing)
 .debug_str     0x0000039a      0x138 main.o
                                0x2e6 (size before relaxing)

.debug_loc      0x00000000      0xd4c
 *(.debug_loc)
 .debug_loc     0x00000000      0x641 USART.o
 .debug_loc     0x00000641      0x15e hd44780.o
 .debug_loc     0x0000079f      0x200 lcd.o
 .debug_loc     0x0000099f      0x3ad main.o

.debug_macinfo
 *(.debug_macinfo)

.debug_pubtypes
 *(.debug_pubtypes)

.debug_ranges   0x00000000      0x120
 *(.debug_ranges)
 .debug_ranges  0x00000000       0x70 USART.o
 .debug_ranges  0x00000070       0x40 hd44780.o
 .debug_ranges  0x000000b0       0x38 lcd.o
 .debug_ranges  0x000000e8       0x38 main.o

.debug_macro
 *(.debug_macro)
OUTPUT(LEDTester.elf elf32-avr)
LOAD linker stubs
